---
source: tests/snapshots.rs
assertion_line: 232
expression: buffer_to_text(&buf)
---
╭ フ ィ ル タ ー  ────────────╮╭Tuxedo Task  done.txt  •  0 tasks  •  ╮╭ デ ィ テ ー ル  ────────────────────╮
│                        ││                                      ││                                │
│ プ ロ ジ ェ ク ト            ││   no completed tasks yet             ││ (no task)                      │
│   +work             4  ││                                      ││                                │
│   +health           3  ││                                      ││                                │
│   +finance          2  ││                                      ││                                │
│   +home             1  ││                                      ││                                │
│   +learning         1  ││                                      ││                                │
│   +personal         1  ││                                      ││                                │
│   +travel           1  ││                                      ││                                │
│                        ││                                      ││                                │
│ コ ン テ キ ス ト            ││                                      ││                                │
│   @errands          4  ││                                      ││                                │
│   @home             4  ││                                      ││                                │
│   @laptop           4  ││                                      ││                                │
│   @phone            3  ││                                      ││                                │
│                        ││                                      ││                                │
│                        ││                                      ││                                │
│                        ││                                      ││                                │
│                        ││                                      ││                                │
│                        ││                                      ││                                │
│                        ││                                      ││                                │
│                        ││                                      ││                                │
│                        ││                                      ││                                │
│                        ││                                      ││                                │
│                        ││                                      ││                                │
│                        ││                                      ││                                │
│                        ││                                      ││                                │
│                        ││                                      ││                                │
│                        ││                                      ││                                │
╰────────────────────────╯╰──────────────────────────────────────╯╰────────────────────────────────╯
 ARCHIVE   j/k · n new · r reschedule · x done · / se0 archived · 2026-05-06 · Tuxedo Task 2026.7.1
