---
source: tests/snapshots.rs
expression: buffer_to_text(&buf)
---
╭ FILTERS ───────────────╮╭ ▶▮◀ /tmp/tuxedo-snapshot.txt  •  15 t╮╭ DETAIL ────────────────────────╮
│    ┌ tuxedo · help ─────────────────────────────────────────────────────────────────────────┐    │
│ PRO│  NAVIGATION                                  VIEW                                      │    │
│   +│    j / ↓             next task                 /                 fuzzy search          │    │
│   +│    k / ↑             previous task             fp / fc           filter project/context│    │
│   +│    gg                first task                ff / fs           saved filter pick/save│    │
│   +│    G                 last task                 S                 cycle sort            │    │
│   +│    Ctrl-d / Ctrl-u   page down / up            v                 visual / multi-select │    │
│   +│    mouse             click row · wheel · filter click    l                 list view   │    │
│   +│                                                a                 archive view          │    │
│    │  EDITING                                       A                 archive completed     │ard │
│ CON│    n                 new task                  H                 show done in list     │    │
│   @│    e                 edit line (normal)        F                 show future in list   │    │
│   @│    i                 edit line (insert)        [ / ]             toggle filter / detail│    │
│   @│    r                 reschedule task           T                 cycle theme           │    │
│   @│    x                 toggle complete           D                 cycle density         │    │
│    │    dd                delete task               L                 toggle line numbers   │    │
│    │    p                 cycle priority A→B→C→·                                            │    │
│    │    c                 add/remove context      SUBTASKS                                  │    │
│    │    +                 add project               > / <             nest / unnest task (wh│    │
│    │    yy                copy line to clipboard    x                 complete whole subtree│    │
│    │    yb                copy body only            dd                delete whole subtree  │    │
│    │    u                 undo                      in dialog: o      add a child line      │    │
│    │                                                in dialog: j / k  move between lines    │    │
│    │                                                in dialog: > / <  indent / outdent line │    │
│    │                                                                                        │    │
│    │                                              SYSTEM                                    │    │
│    │                                                : / Ctrl-P        command palette       │    │
│    │                                                s                 share capture QR      │    │
│    │                                                ? / ,             help / settings       │    │
│    │                                                q                 quit                  │    │
│    │────────────────────────────────────────────────────────────────────────────────────────│    │
│    │  FORMAT                                                                                │    │
│    │    (A)               priority A-Z              due:YYYY-MM-DD    due date              │    │
│    │    YYYY-MM-DD        creation / done date      rec:Nu            recur (u in d/w/m/y/b)│    │
│    │    +project          project tag(s)            rec:+Nu           strict: anchor on due:│    │
│    │    @context          context tag(s)            x DATE BODY       completed task prefix │    │
│    └────────────────────────────────────────────────────────────────────────────────────────┘    │
╰────────────────────────╯╰──────────────────────────────────────╯╰────────────────────────────────╯
 HELP   ? close help                                         15 open · 2026-05-06 · tuxedo 2026.7.1
