---
source: tests/snapshots.rs
assertion_line: 232
expression: buffer_to_text(&buf)
---
╭ フ ィ ル タ ー  ────────────╮╭Tuxedo Task  /tmp/tuxedo-snapshot.txt ╮╭ デ ィ テ ー ル  ────────────────────╮
│                        ││                                      ││                                │
│ プ ロ ジ ェ ク ト            ││ (2)  PRIORITY A  ────────────────────││ priority  (A)                  │
│   +work             4  ││  1 ▸ (A) Finish Q2 board deck +work @││ created   2026-05-01           │
│   +health           3  ││  2   (A) Call dentist to reschedule c││ due       2026-05-06  today    │
│   +finance          2  ││ (3)  PRIORITY B  ────────────────────││ projects  +work                │
│   +home           ┌ Tuxedo Task · command ───────────────────────────────────┐aptop              │
│   +learning       │ > █                                                      │                   │
│   +personal       │──────────────────────────────────────────────────────────│                   │
│   +travel         │ ▶ new task                                             n │                   │
│                   │   edit current task (normal mode)                      e │01 Finish Q2 board │
│ コ ン テ キ ス ト       │   edit current task (insert mode)                      i │laptop             │
│   @errands        │   toggle complete                                      x │06                 │
│   @home           │   delete task                                         dd │                   │
│   @laptop         │   cycle priority                                       p │                   │
│   @phone          │   add project to current task                          + │                   │
│                   │   add or remove context on current task                c │                   │
│                   │   copy line to clipboard                              yy │                   │
│                   │   copy body to clipboard                              yb │                   │
│                   │   open task note                                       o │                   │
│                   │   create or open task note                             O │                   │
│                   │   undo                                                 u │                   │
│                   │   cursor down                                      j / ↓ │                   │
│                   │   cursor up                                        k / ↑ │                   │
│                   │  ↑↓ / Ctrl-N/P navigate · Enter run · Esc cancel         │                   │
│                   └──────────────────────────────────────────────────────────┘                   │
│                        ││                                      ││                                │
│                        ││                                      ││                                │
│                        ││                                      ││                                │
│                        ││                                      ││                                │
╰────────────────────────╯╰──────────────────────────────────────╯╰────────────────────────────────╯
 COMMAND   type to filter · Enter run · Esc cancel      15 open · 2026-05-06 · Tuxedo Task 2026.7.1
